// Jest Snapshot v1, https://goo.gl/fbAQLP

exports[`<LoanView loan={loan} /> LoanView renders correctly 1`] = `
<div
  class="loan-view jumbotron list-group"
>
  <div
    class="row"
  >
    <div
      class="col-md-4"
    >
      <img
        alt="file.png"
        class="img-responsive"
        src="/loans/marketplace/loans/88873/photos/8937"
      />
      <h2>
        Další informace
      </h2>
      <p
        class="info"
      >
        <span
          class="info-title"
        >
          Úroková sazba
          :
        </span>
        <span
          class="info-value"
        >
          0.0499%
        </span>
      </p>
      <p
        class="info"
      >
        <span
          class="info-title"
        >
          Uzávěrka
          :
        </span>
        <span
          class="info-value"
        >
          2017-05-16
        </span>
      </p>
      <p
        class="info"
      >
        <span
          class="info-title"
        >
          Částka
          :
        </span>
        <span
          class="info-value"
        >
          350000Kč
        </span>
      </p>
      <p
        class="info"
      >
        <span
          class="info-title"
        >
          Na jak dlouho
          :
        </span>
        <span
          class="info-value"
        >
          38 Měsicu
        </span>
      </p>
    </div>
    <div
      class="col-md-6"
    >
      <h1>
         
        Pomoc investorů investorovi
         
      </h1>
      <div>
         
        Mala hystorie
         
      </div>
      <div
        class="loan-view-details"
      >
        <p
          class="info"
        >
          <span
            class="info-title"
          >
            Autor
            :
          </span>
          <span
            class="info-value"
          >
            zonky114025
          </span>
        </p>
        <p
          class="info"
        >
          <span
            class="info-title"
          >
            Bylo Publikováno
            :
          </span>
          <span
            class="info-value"
          >
            2017-05-14
          </span>
        </p>
        <p
          class="info"
        >
          <span
            class="info-title"
          >
            Hodnocení
            :
          </span>
          <span
            class="info-value"
          >
            AAAA
          </span>
        </p>
      </div>
    </div>
  </div>
</div>
`;

exports[`<loanJSON object for testing  /> it it will be changed Layout and ListView test will be changed also 1`] = `
Object {
  "amount": 350000,
  "covered": false,
  "datePublished": "2017-05-14T17:09:54.768+02:00",
  "deadline": "2017-05-16T16:50:50.922+02:00",
  "id": 1,
  "interestRate": 0.0499,
  "investmentRate": 0.33085714285714285,
  "investmentsCount": 229,
  "mainIncomeType": "SELF_EMPLOYMENT",
  "name": "Pomoc investorů investorovi",
  "nickName": "zonky114025",
  "photos": Array [
    Object {
      "name": "file.png",
      "url": "/loans/88873/photos/8937",
    },
  ],
  "published": true,
  "purpose": "8",
  "questionsCount": 1,
  "rating": "AAAA",
  "region": "14",
  "remainingInvestment": 234200,
  "story": "Mala hystorie",
  "termInMonths": 38,
  "topped": null,
  "userId": 114025,
}
`;
